Test no arg:
Error 
0 : invalid number of arguments.
Test non-exist0:
Error 
2 : failed to open.
Test non-exist1:
Error 
0 : invalid number of arguments.
Test multi-arg0:
Error 
0 : invalid number of arguments.
Test multi-arg1:
Error 
0 : invalid number of arguments.

Test .cube:
Error 
1 : av[1] not a .rt file.

Test 0:
Error 
0 : invalid number of resolution lines, should be one.

Test 1:
Error 
3 : non digit parameters in resolution line.

Test 2:
Error 
3 : non digit parameters in amb_light line.

Test 3:
Error 
5 : invalid shape id.

Test 4:
Error 
3 : non digit parameters in resolution line.

Test 5:
Error 
3 : non digit parameters in amb_light line.

Test 6:
Error 
3 : non digit parameters in amb_light line.

Test 7:
Error 
4 : too much parameters in amb_light line.

Test 8:
Error 
4 : too much parameters in amb_light line.

Test 9:
Error 
5 : invalid shape id.

Test 10:
Error 
9 : invalid colors in amb_light ratio line.

Test 11:
Error 
9 : invalid colors in amb_light ratio line.

Test 12:
Error 
9 : invalid colors in amb_light ratio line.

Test 13:
Error 
9 : invalid colors in amb_light ratio line.

Test 14:
Error 
9 : invalid colors in amb_light ratio line.

Test 15:
Error 
9 : invalid colors in amb_light ratio line.

Test 16:
Error 
9 : invalid colors in amb_light ratio line.

Test 17:
Error 
9 : invalid colors in amb_light ratio line.

Test 18:
Error 
9 : invalid colors in amb_light ratio line.

Test 19:
Error 
9 : invalid colors in amb_light ratio line.

Test 20:
Error 
9 : invalid colors in amb_light ratio line.

Test 21:
Error 
9 : invalid colors in amb_light ratio line.

Test 22:
Error 
9 : invalid colors in amb_light ratio line.

Test 23:
Error 
9 : invalid colors in amb_light ratio line.

Test 24:
Error 
9 : invalid colors in amb_light ratio line.

Test 25:
Error 
9 : invalid colors in amb_light ratio line.

Test 26:
Error 
9 : invalid colors in amb_light ratio line.

Test 27:
Error 
9 : invalid colors in amb_light ratio line.

Test 28:
Error 
9 : invalid colors in amb_light ratio line.

Test 29:
Error 
9 : invalid colors in amb_light ratio line.

Test 30:
Error 
9 : invalid colors in amb_light ratio line.

Test 31:
Error 
9 : invalid colors in amb_light ratio line.

Test 32:
Error 
9 : invalid colors in amb_light ratio line.

Test 33:
Error 
9 : invalid colors in amb_light ratio line.

Test 34:
Error 
9 : invalid colors in amb_light ratio line.

Test 35:
Error 
9 : invalid colors in amb_light ratio line.

Test 36:
Error 
9 : invalid colors in amb_light ratio line.

Test 37:
Error 
9 : invalid colors in amb_light ratio line.

Test 38:
Error 
9 : invalid colors in amb_light ratio line.

Test 39:
Error 
9 : invalid colors in amb_light ratio line.

Test 40:
Error 
9 : invalid colors in amb_light ratio line.

Test 41:
Error 
9 : invalid colors in amb_light ratio line.

Test 42:
Error 
9 : invalid colors in amb_light ratio line.

Test 43:
Error 
9 : invalid colors in amb_light ratio line.

Test 44:
Error 
9 : invalid colors in amb_light ratio line.

Test 45:
Error 
9 : invalid colors in amb_light ratio line.

Test 46:
Error 
9 : invalid colors in amb_light ratio line.

Test 47:
Error 
9 : invalid colors in amb_light ratio line.

Test 48:
Error 
9 : invalid colors in amb_light ratio line.

Test 49:
Error 
9 : invalid colors in amb_light ratio line.

Test 50:
Error 
9 : invalid colors in amb_light ratio line.

Test 51:
Error 
9 : invalid colors in amb_light ratio line.

Test 52:
Error 
9 : invalid colors in amb_light ratio line.

Test 53:
Error 
9 : invalid colors in amb_light ratio line.

Test 54:
Error 
9 : invalid colors in amb_light ratio line.

Test 55:
Error 
9 : invalid colors in amb_light ratio line.

Test 56:
Error 
9 : invalid colors in amb_light ratio line.

Test 57:
Error 
9 : invalid colors in amb_light ratio line.

Test 58:
Error 
9 : invalid colors in amb_light ratio line.

Test 59:
Error 
9 : invalid colors in amb_light ratio line.

Test 60:
Error 
9 : invalid colors in amb_light ratio line.

Test 61:
Error 
9 : invalid colors in amb_light ratio line.

Test 62:
Error 
9 : invalid colors in amb_light ratio line.

Test 63:
Error 
9 : invalid colors in amb_light ratio line.

Test 64:
Error 
9 : invalid colors in amb_light ratio line.

Test 65:
Error 
9 : invalid colors in amb_light ratio line.

Test 66:
Error 
9 : invalid colors in amb_light ratio line.

Test 67:
Error 
9 : invalid colors in amb_light ratio line.

Test 68:
Error 
9 : invalid colors in amb_light ratio line.

Test 69:
Error 
9 : invalid colors in amb_light ratio line.

Test 70:
Error 
9 : invalid colors in amb_light ratio line.

Test 71:
Error 
9 : invalid colors in amb_light ratio line.

Test 72:
Error 
9 : invalid colors in amb_light ratio line.

Test 73:
Error 
9 : invalid colors in amb_light ratio line.

Test 74:
Error 
3 : non digit parameters in resolution line.

Test 75:
Error 
3 : non digit parameters in resolution line.

Test 76:
Error 
4 : too much parameters in resolution line.

Test 77:
Error 
9 : invalid colors in amb_light ratio line.

Test 78:
Error 
9 : invalid colors in amb_light ratio line.

Test 79:
Error 
9 : invalid colors in amb_light ratio line.

Test 80:
Error 
9 : invalid colors in amb_light ratio line.

Test 81:
Error 
9 : invalid colors in amb_light ratio line.

Test 82:
Error 
9 : invalid colors in amb_light ratio line.

Test 83:
Error 
9 : invalid colors in amb_light ratio line.

Test 84:
Error 
9 : invalid colors in amb_light ratio line.

Test 85:
Error 
9 : invalid colors in amb_light ratio line.

Test 86:
Error 
9 : invalid colors in amb_light ratio line.

Test 87:
Error 
9 : invalid colors in amb_light ratio line.

Test 88:
Error 
9 : invalid colors in amb_light ratio line.

Test 89:
Error 
9 : invalid colors in amb_light ratio line.

Test 90:
Error 
9 : invalid colors in amb_light ratio line.

Test 91:
Error 
9 : invalid colors in amb_light ratio line.

Test 92:
Error 
9 : invalid colors in amb_light ratio line.

Test 93:
Error 
3 : non digit parameters in resolution line.

Test 94:
Error 
7 : invalid square point parameters.

Test 95:
Error 
9 : invalid colors in amb_light ratio line.

Test 96:
Error 
9 : invalid colors in amb_light ratio line.

Test 97:
Error 
3 : non digit parameters in resolution line.

Test 98:
Error 
7 : invalid square color parameters.

Test 99:
Error 
9 : invalid colors in amb_light ratio line.

Test 100:
Error 
9 : invalid colors in amb_light ratio line.

Test 101:
Error 
3 : non digit parameters in resolution line.

Test 102:
Error 
7 : invalid square height parameters.

Test 103:
Error 
9 : invalid colors in amb_light ratio line.

Test 104:
Error 
9 : invalid colors in amb_light ratio line.

Test 105:
Error 
3 : non digit parameters in resolution line.

Test 106:
Error 
7 : invalid square orientation parameters.

Test 107:
Error 
9 : invalid colors in amb_light ratio line.

Test 108:
Error 
9 : invalid colors in amb_light ratio line.

Test 109:
Error 
3 : non digit parameters in resolution line.

Test 110:
Error 
7 : invalid square color parameters.

Test 111:
Error 
9 : invalid colors in amb_light ratio line.

Test 112:
Error 
9 : invalid colors in amb_light ratio line.

Test 113:
Error 
3 : non digit parameters in resolution line.

Test 114:
Error 
7 : invalid point parameters.

Test 115:
Error 
9 : invalid colors in amb_light ratio line.

Test 116:
Error 
9 : invalid colors in amb_light ratio line.

Test 117:
Error 
3 : non digit parameters in resolution line.

Test 118:
Error 
7 : invalid point parameters.

Test 119:
Error 
9 : invalid colors in amb_light ratio line.

Test 120:
Error 
9 : invalid colors in amb_light ratio line.

Test 121:
Error 
3 : non digit parameters in resolution line.

Test 122:
Error 
9 : invalid colors in amb_light ratio line.

Test 123:
Error 
9 : invalid colors in amb_light ratio line.

Test 124:
Error 
9 : invalid colors in amb_light ratio line.

Test 125:
Error 
3 : non digit parameters in resolution line.

Test 126:
Error 
9 : invalid colors in amb_light ratio line.

Test 127:
Error 
9 : invalid colors in amb_light ratio line.

Test 128:
Error 
9 : invalid colors in amb_light ratio line.

Test 129:
Error 
3 : non digit parameters in resolution line.

Test 130:
Error 
9 : invalid colors in amb_light ratio line.

Test 131:
Error 
9 : invalid colors in amb_light ratio line.

Test 132:
Error 
9 : invalid colors in amb_light ratio line.

Test 133:
Error 
3 : non digit parameters in resolution line.

Test 134:
Error 
9 : invalid colors in amb_light ratio line.

Test 135:
Error 
9 : invalid colors in amb_light ratio line.

Test 136:
Error 
9 : invalid colors in amb_light ratio line.

Test 137:
Error 
3 : non digit parameters in resolution line.

Test 138:
Error 
9 : invalid colors in amb_light ratio line.

Test 139:
Error 
9 : invalid colors in amb_light ratio line.

Test 140:
Error 
9 : invalid colors in amb_light ratio line.

Test 141:
Error 
3 : non digit parameters in resolution line.

Test 142:
Error 
9 : invalid colors in amb_light ratio line.

Test 143:
Error 
9 : invalid colors in amb_light ratio line.

Test 144:
Error 
9 : invalid colors in amb_light ratio line.

Test 145:
Error 
3 : non digit parameters in resolution line.

Test 146:
Error 
3 : non digit parameters in amb_light line.

Test 147:
Error 
9 : invalid colors in amb_light ratio line.

Test 148:
Error 
9 : invalid colors in amb_light ratio line.

Test 149:
Error 
3 : non digit parameters in resolution line.

Test 150:
Error 
9 : invalid colors in amb_light ratio line.

Test 151:
Error 
9 : invalid colors in amb_light ratio line.

Test 152:
Error 
9 : invalid colors in amb_light ratio line.

Test 153:
Error 
3 : non digit parameters in resolution line.

Test 154:
Error 
3 : non digit parameters in amb_light line.

Test 155:
Error 
9 : invalid colors in amb_light ratio line.

Test 156:
Error 
9 : invalid colors in amb_light ratio line.

Test 157:
Error 
3 : non digit parameters in resolution line.

Test 158:
Error 
3 : non digit parameters in amb_light line.

Test 159:
Error 
9 : invalid colors in amb_light ratio line.

Test 160:
Error 
9 : invalid colors in amb_light ratio line.

Test 161:
Error 
3 : non digit parameters in resolution line.

Test 162:
Error 
3 : non digit parameters in amb_light line.

Test 163:
Error 
9 : invalid colors in amb_light ratio line.

Test 164:
Error 
9 : invalid colors in amb_light ratio line.

Test 165:
Error 
3 : non digit parameters in resolution line.

Test 166:
Error 
3 : non digit parameters in amb_light line.

Test 167:
Error 
9 : invalid colors in amb_light ratio line.

Test 168:
Error 
9 : invalid colors in amb_light ratio line.

Test 169:
Error 
3 : non digit parameters in resolution line.

Test 170:
Error 
9 : invalid colors in amb_light ratio line.

Test 171:
Error 
9 : invalid colors in amb_light ratio line.

Test 172:
Error 
9 : invalid colors in amb_light ratio line.

Test 173:
Error 
3 : non digit parameters in resolution line.

Test 174:
Error 
9 : invalid colors in amb_light ratio line.

Test 175:
Error 
9 : invalid colors in amb_light ratio line.

Test 176:
Error 
9 : invalid colors in amb_light ratio line.

Test 177:
Error 
9 : invalid colors in amb_light ratio line.

Test 178:
Error 
9 : invalid colors in amb_light ratio line.

Test 179:
Error 
9 : invalid colors in amb_light ratio line.

Test 180:
Error 
9 : invalid colors in amb_light ratio line.

Test 181:
Error 
9 : invalid colors in amb_light ratio line.

Test 182:
Error 
9 : invalid colors in amb_light ratio line.

Test 183:
Error 
9 : invalid colors in amb_light ratio line.

Test 184:
Error 
9 : invalid colors in amb_light ratio line.

Test 185:
Error 
9 : invalid colors in amb_light ratio line.

Test 186:
Error 
9 : invalid colors in amb_light ratio line.

Test 187:
Error 
9 : invalid colors in amb_light ratio line.

Test 188:
Error 
9 : invalid colors in amb_light ratio line.

Test 189:
Error 
9 : invalid colors in amb_light ratio line.

Test 190:
Error 
9 : invalid colors in amb_light ratio line.

Test 191:
Error 
9 : invalid colors in amb_light ratio line.

Test 192:
Error 
9 : invalid colors in amb_light ratio line.
